// Jest Snapshot v1, https://goo.gl/fbAQLP

exports[`Snapshot tests Matches existing Snapshot 1`] = `
<div
  className="react-datepicker-wrapper picker"
>
  <div
    className="react-datepicker__input-container"
  >
    <input
      className=""
      disabled={false}
      onBlur={[Function]}
      onChange={[Function]}
      onClick={[Function]}
      onFocus={[Function]}
      onKeyDown={[Function]}
      readOnly={false}
      type="text"
      value="10/04/2021"
    />
  </div>
</div>
`;
